#! /opt/homebrew/Cellar/icarus-verilog/13.0/bin/vvp
:ivl_version "13.0 (stable)" "(v13_0)";
:ivl_delay_selection "TYPICAL";
:vpi_time_precision - 12;
:vpi_module "/opt/homebrew/Cellar/icarus-verilog/13.0/lib/ivl/system.vpi";
:vpi_module "/opt/homebrew/Cellar/icarus-verilog/13.0/lib/ivl/vhdl_sys.vpi";
:vpi_module "/opt/homebrew/Cellar/icarus-verilog/13.0/lib/ivl/vhdl_textio.vpi";
:vpi_module "/opt/homebrew/Cellar/icarus-verilog/13.0/lib/ivl/v2005_math.vpi";
:vpi_module "/opt/homebrew/Cellar/icarus-verilog/13.0/lib/ivl/va_math.vpi";
S_0x100fbca30 .scope module, "ALU_tb" "ALU_tb" 2 3;
 .timescale -9 -10;
P_0x892c6c200 .param/l "TEST_SIZE" 0 2 6, +C4<00000000000000000010011100010000>;
v0x892c84000_0 .var/i "FAILED", 31 0;
v0x892c840a0_0 .var/i "PASSED", 31 0;
v0x892c84140_0 .net "alu_result", 31 0, v0x100fc4640_0;  1 drivers
v0x892c841e0 .array "alu_result_mem", 9999 0, 31 0;
v0x892c84280_0 .var "funct", 3 0;
v0x892c84320 .array "funct_mem", 9999 0, 3 0;
v0x892c843c0_0 .var/i "i", 31 0;
v0x892c84460_0 .var "operand1", 31 0;
v0x892c84500 .array "operand1_mem", 9999 0, 31 0;
v0x892c845a0_0 .var "operand2", 31 0;
v0x892c84640 .array "operand2_mem", 9999 0, 31 0;
v0x892c846e0_0 .var "shamt", 4 0;
v0x892c84780 .array "shamt_mem", 9999 0, 4 0;
S_0x100fb82d0 .scope task, "Test" "Test" 2 28, 2 28 0, S_0x100fbca30;
 .timescale -9 -10;
v0x100fbcbb0_0 .var "alu_result_in", 31 0;
v0x100fb8450_0 .var "funct_in", 3 0;
v0x100fb84f0_0 .var "operand1_in", 31 0;
v0x100fc3f40_0 .var "operand2_in", 31 0;
v0x100fc3fe0_0 .var "shamt_in", 4 0;
TD_ALU_tb.Test ;
    %load/vec4 v0x100fb84f0_0;
    %store/vec4 v0x892c84460_0, 0, 32;
    %load/vec4 v0x100fc3f40_0;
    %store/vec4 v0x892c845a0_0, 0, 32;
    %load/vec4 v0x100fc3fe0_0;
    %store/vec4 v0x892c846e0_0, 0, 5;
    %load/vec4 v0x100fb8450_0;
    %store/vec4 v0x892c84280_0, 0, 4;
    %delay 1000, 0;
    %load/vec4 v0x892c84140_0;
    %load/vec4 v0x100fbcbb0_0;
    %cmp/e;
    %jmp/0xz  T_0.0, 4;
    %load/vec4 v0x892c840a0_0;
    %addi 1, 0, 32;
    %store/vec4 v0x892c840a0_0, 0, 32;
    %jmp T_0.1;
T_0.0 ;
    %vpi_call 2 46 "$display", "FAILED" {0 0 0};
    %vpi_call 2 47 "$display", "funct: %d, operand1 = %d, operand2 = %d, shamt = %d, result = %h (Ans : %h)", v0x892c84280_0, v0x892c84460_0, v0x892c845a0_0, v0x892c846e0_0, v0x892c84140_0, v0x100fbcbb0_0 {0 0 0};
    %load/vec4 v0x892c84000_0;
    %addi 1, 0, 32;
    %store/vec4 v0x892c84000_0, 0, 32;
T_0.1 ;
    %end;
S_0x100fc4080 .scope module, "alu_top" "ALU" 2 25, 3 5 0, S_0x100fbca30;
 .timescale -9 -12;
    .port_info 0 /INPUT 32 "operand1";
    .port_info 1 /INPUT 32 "operand2";
    .port_info 2 /INPUT 5 "shamt";
    .port_info 3 /INPUT 4 "funct";
    .port_info 4 /OUTPUT 32 "alu_result";
v0x100fc4640_0 .var "alu_result", 31 0;
v0x100fc46e0_0 .net "funct", 3 0, v0x892c84280_0;  1 drivers
v0x100fc4780_0 .net "operand1", 31 0, v0x892c84460_0;  1 drivers
v0x100fc4820_0 .net "operand2", 31 0, v0x892c845a0_0;  1 drivers
v0x100fc48c0_0 .net "shamt", 4 0, v0x892c846e0_0;  1 drivers
E_0x892c6c240 .event anyedge, v0x100fc46e0_0, v0x100fc4780_0, v0x100fc4820_0, v0x100fc48c0_0;
    .scope S_0x100fc4080;
T_1 ;
    %wait E_0x892c6c240;
    %pushi/vec4 0, 0, 32;
    %store/vec4 v0x100fc4640_0, 0, 32;
    %load/vec4 v0x100fc46e0_0;
    %dup/vec4;
    %pushi/vec4 0, 0, 4;
    %cmp/u;
    %jmp/1 T_1.0, 6;
    %dup/vec4;
    %pushi/vec4 1, 0, 4;
    %cmp/u;
    %jmp/1 T_1.1, 6;
    %dup/vec4;
    %pushi/vec4 2, 0, 4;
    %cmp/u;
    %jmp/1 T_1.2, 6;
    %dup/vec4;
    %pushi/vec4 3, 0, 4;
    %cmp/u;
    %jmp/1 T_1.3, 6;
    %dup/vec4;
    %pushi/vec4 4, 0, 4;
    %cmp/u;
    %jmp/1 T_1.4, 6;
    %dup/vec4;
    %pushi/vec4 5, 0, 4;
    %cmp/u;
    %jmp/1 T_1.5, 6;
    %dup/vec4;
    %pushi/vec4 6, 0, 4;
    %cmp/u;
    %jmp/1 T_1.6, 6;
    %dup/vec4;
    %pushi/vec4 7, 0, 4;
    %cmp/u;
    %jmp/1 T_1.7, 6;
    %dup/vec4;
    %pushi/vec4 8, 0, 4;
    %cmp/u;
    %jmp/1 T_1.8, 6;
    %dup/vec4;
    %pushi/vec4 9, 0, 4;
    %cmp/u;
    %jmp/1 T_1.9, 6;
    %dup/vec4;
    %pushi/vec4 10, 0, 4;
    %cmp/u;
    %jmp/1 T_1.10, 6;
    %dup/vec4;
    %pushi/vec4 11, 0, 4;
    %cmp/u;
    %jmp/1 T_1.11, 6;
    %dup/vec4;
    %pushi/vec4 12, 0, 4;
    %cmp/u;
    %jmp/1 T_1.12, 6;
    %dup/vec4;
    %pushi/vec4 13, 0, 4;
    %cmp/u;
    %jmp/1 T_1.13, 6;
    %jmp T_1.14;
T_1.0 ;
    %load/vec4 v0x100fc4780_0;
    %load/vec4 v0x100fc4820_0;
    %add;
    %store/vec4 v0x100fc4640_0, 0, 32;
    %jmp T_1.14;
T_1.1 ;
    %load/vec4 v0x100fc4780_0;
    %load/vec4 v0x100fc4820_0;
    %and;
    %store/vec4 v0x100fc4640_0, 0, 32;
    %jmp T_1.14;
T_1.2 ;
    %load/vec4 v0x100fc4780_0;
    %load/vec4 v0x100fc4820_0;
    %or;
    %inv;
    %store/vec4 v0x100fc4640_0, 0, 32;
    %jmp T_1.14;
T_1.3 ;
    %load/vec4 v0x100fc4780_0;
    %load/vec4 v0x100fc4820_0;
    %or;
    %store/vec4 v0x100fc4640_0, 0, 32;
    %jmp T_1.14;
T_1.4 ;
    %load/vec4 v0x100fc4820_0;
    %ix/getv 4, v0x100fc48c0_0;
    %shiftl 4;
    %store/vec4 v0x100fc4640_0, 0, 32;
    %jmp T_1.14;
T_1.5 ;
    %load/vec4 v0x100fc4820_0;
    %ix/getv 4, v0x100fc48c0_0;
    %shiftr/s 4;
    %store/vec4 v0x100fc4640_0, 0, 32;
    %jmp T_1.14;
T_1.6 ;
    %load/vec4 v0x100fc4820_0;
    %ix/getv 4, v0x100fc48c0_0;
    %shiftr 4;
    %store/vec4 v0x100fc4640_0, 0, 32;
    %jmp T_1.14;
T_1.7 ;
    %load/vec4 v0x100fc4780_0;
    %load/vec4 v0x100fc4820_0;
    %sub;
    %store/vec4 v0x100fc4640_0, 0, 32;
    %jmp T_1.14;
T_1.8 ;
    %load/vec4 v0x100fc4780_0;
    %load/vec4 v0x100fc4820_0;
    %xor;
    %store/vec4 v0x100fc4640_0, 0, 32;
    %jmp T_1.14;
T_1.9 ;
    %load/vec4 v0x100fc4780_0;
    %load/vec4 v0x100fc4820_0;
    %cmp/s;
    %flag_get/vec4 5;
    %pad/u 32;
    %store/vec4 v0x100fc4640_0, 0, 32;
    %jmp T_1.14;
T_1.10 ;
    %load/vec4 v0x100fc4780_0;
    %load/vec4 v0x100fc4820_0;
    %cmp/u;
    %flag_get/vec4 5;
    %pad/u 32;
    %store/vec4 v0x100fc4640_0, 0, 32;
    %jmp T_1.14;
T_1.11 ;
    %load/vec4 v0x100fc4780_0;
    %load/vec4 v0x100fc4820_0;
    %cmp/e;
    %flag_get/vec4 4;
    %pad/u 32;
    %store/vec4 v0x100fc4640_0, 0, 32;
    %jmp T_1.14;
T_1.12 ;
    %load/vec4 v0x100fc4780_0;
    %load/vec4 v0x100fc4820_0;
    %cmp/ne;
    %flag_get/vec4 4;
    %pad/u 32;
    %store/vec4 v0x100fc4640_0, 0, 32;
    %jmp T_1.14;
T_1.13 ;
    %load/vec4 v0x100fc4820_0;
    %ix/load 4, 16, 0;
    %flag_set/imm 4, 0;
    %shiftl 4;
    %store/vec4 v0x100fc4640_0, 0, 32;
    %jmp T_1.14;
T_1.14 ;
    %pop/vec4 1;
    %jmp T_1;
    .thread T_1, $push;
    .scope S_0x100fbca30;
T_2 ;
    %vpi_call 2 56 "$readmemh", "operand1.mem", v0x892c84500 {0 0 0};
    %vpi_call 2 57 "$readmemh", "operand2.mem", v0x892c84640 {0 0 0};
    %vpi_call 2 58 "$readmemb", "shamt.mem", v0x892c84780 {0 0 0};
    %vpi_call 2 59 "$readmemb", "funct.mem", v0x892c84320 {0 0 0};
    %vpi_call 2 60 "$readmemh", "alu_result.mem", v0x892c841e0 {0 0 0};
    %end;
    .thread T_2;
    .scope S_0x100fbca30;
T_3 ;
    %vpi_call 2 64 "$dumpfile", "waveform.vcd" {0 0 0};
    %vpi_call 2 65 "$dumpvars", 32'sb00000000000000000000000000000000, S_0x100fbca30 {0 0 0};
    %end;
    .thread T_3;
    .scope S_0x100fbca30;
T_4 ;
    %pushi/vec4 0, 0, 32;
    %store/vec4 v0x892c843c0_0, 0, 32;
    %pushi/vec4 0, 0, 32;
    %store/vec4 v0x892c840a0_0, 0, 32;
    %pushi/vec4 0, 0, 32;
    %store/vec4 v0x892c84000_0, 0, 32;
    %delay 10000, 0;
    %pushi/vec4 0, 0, 32;
    %store/vec4 v0x892c843c0_0, 0, 32;
T_4.0 ; Top of for-loop
    %load/vec4 v0x892c843c0_0;
    %cmpi/s 10000, 0, 32;
	  %jmp/0xz T_4.1, 5;
    %ix/getv/s 4, v0x892c843c0_0;
    %load/vec4a v0x892c84500, 4;
    %store/vec4 v0x100fb84f0_0, 0, 32;
    %ix/getv/s 4, v0x892c843c0_0;
    %load/vec4a v0x892c84640, 4;
    %store/vec4 v0x100fc3f40_0, 0, 32;
    %ix/getv/s 4, v0x892c843c0_0;
    %load/vec4a v0x892c84780, 4;
    %store/vec4 v0x100fc3fe0_0, 0, 5;
    %ix/getv/s 4, v0x892c843c0_0;
    %load/vec4a v0x892c84320, 4;
    %store/vec4 v0x100fb8450_0, 0, 4;
    %ix/getv/s 4, v0x892c843c0_0;
    %load/vec4a v0x892c841e0, 4;
    %store/vec4 v0x100fbcbb0_0, 0, 32;
    %fork TD_ALU_tb.Test, S_0x100fb82d0;
    %join;
T_4.2 ; for-loop step statement
    %load/vec4 v0x892c843c0_0;
    %addi 1, 0, 32;
    %store/vec4 v0x892c843c0_0, 0, 32;
    %jmp T_4.0;
T_4.1 ; for-loop exit label
    %delay 10000, 0;
    %vpi_call 2 79 "$display", "PASSED = %d, FAILED = %d", v0x892c840a0_0, v0x892c84000_0 {0 0 0};
    %vpi_call 2 80 "$finish" {0 0 0};
    %end;
    .thread T_4;
# The file index is used to find the file name in the following table.
:file_names 4;
    "N/A";
    "<interactive>";
    "ALU_tb.v";
    "ALU.v";
